// Jest Snapshot v1, https://goo.gl/fbAQLP

exports[`InfiniteDatetimePicker.vue change currentDate to is endTime after confirm value 1`] = `
<div class="infinite-datetime-picker-template">
  <div class="infinite-datetime-picker-title" style="background: rgb(46, 48, 54); border-radius: 0;">
    <div class="infinite-datetime-picker-title-left"><span>日期</span> </div>
    <div class="infinite-datetime-picker-title-right"><span class=" default">2020.11.06</span> <i class="icon-calendar default"></i> </div>
  </div>
  <div class="van-overlay" style="display: none; z-index: 2003;"></div>
  <transition-stub name="van-popup-slide-bottom" class="infinite-datetime-picker-popuper" style="z-index: 2004;">
    <div class="van-popup van-popup--bottom" style="display: none;">
      <div class="van-picker van-datetime-picker">
        <div class="van-picker__toolbar"><button type="button" class="van-picker__cancel">取消</button><button type="button" class="van-picker__confirm">确认</button></div>
        <!---->
        <div class="van-picker__columns" style="height: 180px;">
          <div class="van-picker-column">
            <ul class="van-picker-column__wrapper" style="transform: translate3d(0, 72px, 0); transition-duration: 0ms; transition-property: none;">
              <li role="button" tabindex="0" class="van-picker-column__item van-picker-column__item--selected" style="height: 36px;">
                <div class="van-ellipsis">2020年</div>
              </li>
            </ul>
          </div>
          <div class="van-picker-column">
            <ul class="van-picker-column__wrapper" style="transform: translate3d(0, -324px, 0); transition-duration: 0ms; transition-property: none;">
              <li role="button" tabindex="0" class="van-picker-column__item" style="height: 36px;">
                <div class="van-ellipsis">01月</div>
              </li>
              <li role="button" tabindex="0" class="van-picker-column__item" style="height: 36px;">
                <div class="van-ellipsis">02月</div>
              </li>
              <li role="button" tabindex="0" class="van-picker-column__item" style="height: 36px;">
                <div class="van-ellipsis">03月</div>
              </li>
              <li role="button" tabindex="0" class="van-picker-column__item" style="height: 36px;">
                <div class="van-ellipsis">04月</div>
              </li>
              <li role="button" tabindex="0" class="van-picker-column__item" style="height: 36px;">
                <div class="van-ellipsis">05月</div>
              </li>
              <li role="button" tabindex="0" class="van-picker-column__item" style="height: 36px;">
                <div class="van-ellipsis">06月</div>
              </li>
              <li role="button" tabindex="0" class="van-picker-column__item" style="height: 36px;">
                <div class="van-ellipsis">07月</div>
              </li>
              <li role="button" tabindex="0" class="van-picker-column__item" style="height: 36px;">
                <div class="van-ellipsis">08月</div>
              </li>
              <li role="button" tabindex="0" class="van-picker-column__item" style="height: 36px;">
                <div class="van-ellipsis">09月</div>
              </li>
              <li role="button" tabindex="0" class="van-picker-column__item" style="height: 36px;">
                <div class="van-ellipsis">10月</div>
              </li>
              <li role="button" tabindex="0" class="van-picker-column__item" style="height: 36px;">
                <div class="van-ellipsis">11月</div>
              </li>
              <li role="button" tabindex="0" class="van-picker-column__item van-picker-column__item--selected" style="height: 36px;">
                <div class="van-ellipsis">12月</div>
              </li>
            </ul>
          </div>
          <div class="van-picker-column">
            <ul class="van-picker-column__wrapper" style="transform: translate3d(0, 72px, 0); transition-duration: 0ms; transition-property: none;">
              <li role="button" tabindex="0" class="van-picker-column__item van-picker-column__item--selected" style="height: 36px;">
                <div class="van-ellipsis">01日</div>
              </li>
              <li role="button" tabindex="0" class="van-picker-column__item" style="height: 36px;">
                <div class="van-ellipsis">02日</div>
              </li>
              <li role="button" tabindex="0" class="van-picker-column__item" style="height: 36px;">
                <div class="van-ellipsis">03日</div>
              </li>
              <li role="button" tabindex="0" class="van-picker-column__item" style="height: 36px;">
                <div class="van-ellipsis">04日</div>
              </li>
              <li role="button" tabindex="0" class="van-picker-column__item" style="height: 36px;">
                <div class="van-ellipsis">05日</div>
              </li>
              <li role="button" tabindex="0" class="van-picker-column__item" style="height: 36px;">
                <div class="van-ellipsis">06日</div>
              </li>
              <li role="button" tabindex="0" class="van-picker-column__item" style="height: 36px;">
                <div class="van-ellipsis">07日</div>
              </li>
              <li role="button" tabindex="0" class="van-picker-column__item" style="height: 36px;">
                <div class="van-ellipsis">08日</div>
              </li>
              <li role="button" tabindex="0" class="van-picker-column__item" style="height: 36px;">
                <div class="van-ellipsis">09日</div>
              </li>
              <li role="button" tabindex="0" class="van-picker-column__item" style="height: 36px;">
                <div class="van-ellipsis">10日</div>
              </li>
              <li role="button" tabindex="0" class="van-picker-column__item" style="height: 36px;">
                <div class="van-ellipsis">11日</div>
              </li>
              <li role="button" tabindex="0" class="van-picker-column__item" style="height: 36px;">
                <div class="van-ellipsis">12日</div>
              </li>
              <li role="button" tabindex="0" class="van-picker-column__item" style="height: 36px;">
                <div class="van-ellipsis">13日</div>
              </li>
              <li role="button" tabindex="0" class="van-picker-column__item" style="height: 36px;">
                <div class="van-ellipsis">14日</div>
              </li>
              <li role="button" tabindex="0" class="van-picker-column__item" style="height: 36px;">
                <div class="van-ellipsis">15日</div>
              </li>
              <li role="button" tabindex="0" class="van-picker-column__item" style="height: 36px;">
                <div class="van-ellipsis">16日</div>
              </li>
              <li role="button" tabindex="0" class="van-picker-column__item" style="height: 36px;">
                <div class="van-ellipsis">17日</div>
              </li>
              <li role="button" tabindex="0" class="van-picker-column__item" style="height: 36px;">
                <div class="van-ellipsis">18日</div>
              </li>
              <li role="button" tabindex="0" class="van-picker-column__item" style="height: 36px;">
                <div class="van-ellipsis">19日</div>
              </li>
              <li role="button" tabindex="0" class="van-picker-column__item" style="height: 36px;">
                <div class="van-ellipsis">20日</div>
              </li>
              <li role="button" tabindex="0" class="van-picker-column__item" style="height: 36px;">
                <div class="van-ellipsis">21日</div>
              </li>
              <li role="button" tabindex="0" class="van-picker-column__item" style="height: 36px;">
                <div class="van-ellipsis">22日</div>
              </li>
              <li role="button" tabindex="0" class="van-picker-column__item" style="height: 36px;">
                <div class="van-ellipsis">23日</div>
              </li>
              <li role="button" tabindex="0" class="van-picker-column__item" style="height: 36px;">
                <div class="van-ellipsis">24日</div>
              </li>
              <li role="button" tabindex="0" class="van-picker-column__item" style="height: 36px;">
                <div class="van-ellipsis">25日</div>
              </li>
              <li role="button" tabindex="0" class="van-picker-column__item" style="height: 36px;">
                <div class="van-ellipsis">26日</div>
              </li>
            </ul>
          </div>
          <div class="van-picker__mask" style="background-size: 100% 72px;"></div>
          <div class="van-hairline-unset--top-bottom van-picker__frame" style="height: 36px;"></div>
        </div>
        <!---->
      </div>
      <p class="infinite-datetime-picker-center-highlight"></p>
    </div>
  </transition-stub>
</div>
`;
